Archive member included because of file (symbol)

c:/freescale/kds_3.0.0/toolchain/bin/../lib/gcc/arm-none-eabi/4.8.4/../../../../arm-none-eabi/lib/armv6-m\libg_s.a(lib_a-exit.o)
                              c:/freescale/kds_3.0.0/toolchain/bin/../lib/gcc/arm-none-eabi/4.8.4/../../../../arm-none-eabi/lib/armv6-m/crt0.o (exit)
c:/freescale/kds_3.0.0/toolchain/bin/../lib/gcc/arm-none-eabi/4.8.4/../../../../arm-none-eabi/lib/armv6-m\libg_s.a(lib_a-impure.o)
                              c:/freescale/kds_3.0.0/toolchain/bin/../lib/gcc/arm-none-eabi/4.8.4/../../../../arm-none-eabi/lib/armv6-m\libg_s.a(lib_a-exit.o) (_global_impure_ptr)
c:/freescale/kds_3.0.0/toolchain/bin/../lib/gcc/arm-none-eabi/4.8.4/../../../../arm-none-eabi/lib/armv6-m\libg_s.a(lib_a-init.o)
                              c:/freescale/kds_3.0.0/toolchain/bin/../lib/gcc/arm-none-eabi/4.8.4/../../../../arm-none-eabi/lib/armv6-m/crt0.o (__libc_init_array)
c:/freescale/kds_3.0.0/toolchain/bin/../lib/gcc/arm-none-eabi/4.8.4/../../../../arm-none-eabi/lib/armv6-m\libg_s.a(lib_a-memset.o)
                              c:/freescale/kds_3.0.0/toolchain/bin/../lib/gcc/arm-none-eabi/4.8.4/../../../../arm-none-eabi/lib/armv6-m/crt0.o (memset)
c:/freescale/kds_3.0.0/toolchain/bin/../lib/gcc/arm-none-eabi/4.8.4/../../../../arm-none-eabi/lib/armv6-m\libnosys.a(_exit.o)
                              c:/freescale/kds_3.0.0/toolchain/bin/../lib/gcc/arm-none-eabi/4.8.4/../../../../arm-none-eabi/lib/armv6-m\libg_s.a(lib_a-exit.o) (_exit)

Allocating common symbols
Common symbol       size              file

x                   0x10              ./Sources/Events.o
output              0x2               ./Sources/main.o
AD1_OutV            0x2               ./Generated_Code/AD1.o
AdcLdd1_DeviceDataPtr
                    0x4               ./Generated_Code/AD1.o
SR_reg              0x1               ./Generated_Code/Cpu.o
y                   0x10              ./Sources/Events.o

Discarded input sections

 .text          0x00000000        0x0 c:/freescale/kds_3.0.0/toolchain/bin/../lib/gcc/arm-none-eabi/4.8.4/armv6-m/crti.o
 .data          0x00000000        0x0 c:/freescale/kds_3.0.0/toolchain/bin/../lib/gcc/arm-none-eabi/4.8.4/armv6-m/crti.o
 .bss           0x00000000        0x0 c:/freescale/kds_3.0.0/toolchain/bin/../lib/gcc/arm-none-eabi/4.8.4/armv6-m/crti.o
 .data          0x00000000        0x4 c:/freescale/kds_3.0.0/toolchain/bin/../lib/gcc/arm-none-eabi/4.8.4/armv6-m/crtbegin.o
 .data          0x00000000        0x0 c:/freescale/kds_3.0.0/toolchain/bin/../lib/gcc/arm-none-eabi/4.8.4/../../../../arm-none-eabi/lib/armv6-m/crt0.o
 .bss           0x00000000        0x0 c:/freescale/kds_3.0.0/toolchain/bin/../lib/gcc/arm-none-eabi/4.8.4/../../../../arm-none-eabi/lib/armv6-m/crt0.o
 .ARM.extab     0x00000000        0x0 c:/freescale/kds_3.0.0/toolchain/bin/../lib/gcc/arm-none-eabi/4.8.4/../../../../arm-none-eabi/lib/armv6-m/crt0.o
 .group         0x00000000        0x8 ./Sources/Events.o
 .group         0x00000000        0x8 ./Sources/Events.o
 .group         0x00000000        0x8 ./Sources/Events.o
 .group         0x00000000        0x8 ./Sources/Events.o
 .group         0x00000000        0x8 ./Sources/Events.o
 .group         0x00000000        0x8 ./Sources/Events.o
 .group         0x00000000        0x8 ./Sources/Events.o
 .group         0x00000000        0x8 ./Sources/Events.o
 .group         0x00000000        0x8 ./Sources/Events.o
 .group         0x00000000        0x8 ./Sources/Events.o
 .group         0x00000000        0x8 ./Sources/Events.o
 .group         0x00000000        0x8 ./Sources/Events.o
 .group         0x00000000        0x8 ./Sources/Events.o
 .group         0x00000000        0x8 ./Sources/Events.o
 .group         0x00000000        0x8 ./Sources/Events.o
 .group         0x00000000        0x8 ./Sources/Events.o
 .group         0x00000000        0x8 ./Sources/Events.o
 .group         0x00000000        0x8 ./Sources/Events.o
 .text          0x00000000        0x0 ./Sources/Events.o
 .data          0x00000000        0x0 ./Sources/Events.o
 .bss           0x00000000        0x0 ./Sources/Events.o
 .group         0x00000000        0x8 ./Sources/main.o
 .group         0x00000000        0x8 ./Sources/main.o
 .group         0x00000000        0x8 ./Sources/main.o
 .group         0x00000000        0x8 ./Sources/main.o
 .group         0x00000000        0x8 ./Sources/main.o
 .group         0x00000000        0x8 ./Sources/main.o
 .group         0x00000000        0x8 ./Sources/main.o
 .group         0x00000000        0x8 ./Sources/main.o
 .group         0x00000000        0x8 ./Sources/main.o
 .group         0x00000000        0x8 ./Sources/main.o
 .group         0x00000000        0x8 ./Sources/main.o
 .group         0x00000000        0x8 ./Sources/main.o
 .group         0x00000000        0x8 ./Sources/main.o
 .group         0x00000000        0x8 ./Sources/main.o
 .group         0x00000000        0x8 ./Sources/main.o
 .group         0x00000000        0x8 ./Sources/main.o
 .group         0x00000000        0x8 ./Sources/main.o
 .group         0x00000000        0x8 ./Sources/main.o
 .text          0x00000000        0x0 ./Sources/main.o
 .data          0x00000000        0x0 ./Sources/main.o
 .bss           0x00000000        0x0 ./Sources/main.o
 .debug_macro   0x00000000      0x802 ./Sources/main.o
 .debug_macro   0x00000000       0x16 ./Sources/main.o
 .debug_macro   0x00000000       0x44 ./Sources/main.o
 .debug_macro   0x00000000      0x209 ./Sources/main.o
 .debug_macro   0x00000000     0x1584 ./Sources/main.o
 .debug_macro   0x00000000      0x14e ./Sources/main.o
 .debug_macro   0x00000000       0x64 ./Sources/main.o
 .debug_macro   0x00000000     0x6691 ./Sources/main.o
 .debug_macro   0x00000000       0x94 ./Sources/main.o
 .debug_macro   0x00000000       0x94 ./Sources/main.o
 .debug_macro   0x00000000      0x1d6 ./Sources/main.o
 .debug_macro   0x00000000       0x7b ./Sources/main.o
 .debug_macro   0x00000000       0x1c ./Sources/main.o
 .debug_macro   0x00000000      0x61c ./Sources/main.o
 .debug_macro   0x00000000       0x74 ./Sources/main.o
 .debug_macro   0x00000000       0x25 ./Sources/main.o
 .debug_macro   0x00000000      0x16b ./Sources/main.o
 .debug_macro   0x00000000       0x22 ./Sources/main.o
 .group         0x00000000        0x8 ./Project_Settings/Startup_Code/startup.o
 .group         0x00000000        0x8 ./Project_Settings/Startup_Code/startup.o
 .group         0x00000000        0x8 ./Project_Settings/Startup_Code/startup.o
 .group         0x00000000        0x8 ./Project_Settings/Startup_Code/startup.o
 .group         0x00000000        0x8 ./Project_Settings/Startup_Code/startup.o
 .group         0x00000000        0x8 ./Project_Settings/Startup_Code/startup.o
 .group         0x00000000        0x8 ./Project_Settings/Startup_Code/startup.o
 .group         0x00000000        0x8 ./Project_Settings/Startup_Code/startup.o
 .group         0x00000000        0x8 ./Project_Settings/Startup_Code/startup.o
 .group         0x00000000        0x8 ./Project_Settings/Startup_Code/startup.o
 .group         0x00000000        0x8 ./Project_Settings/Startup_Code/startup.o
 .group         0x00000000        0x8 ./Project_Settings/Startup_Code/startup.o
 .group         0x00000000        0x8 ./Project_Settings/Startup_Code/startup.o
 .group         0x00000000        0x8 ./Project_Settings/Startup_Code/startup.o
 .group         0x00000000        0x8 ./Project_Settings/Startup_Code/startup.o
 .group         0x00000000        0x8 ./Project_Settings/Startup_Code/startup.o
 .group         0x00000000        0x8 ./Project_Settings/Startup_Code/startup.o
 .group         0x00000000        0x8 ./Project_Settings/Startup_Code/startup.o
 .group         0x00000000        0x8 ./Project_Settings/Startup_Code/startup.o
 .text          0x00000000        0x0 ./Project_Settings/Startup_Code/startup.o
 .data          0x00000000        0x0 ./Project_Settings/Startup_Code/startup.o
 .bss           0x00000000        0x0 ./Project_Settings/Startup_Code/startup.o
 .text.__init_hardware
                0x00000000        0x8 ./Project_Settings/Startup_Code/startup.o
 .text.__iar_program_start
                0x00000000        0xc ./Project_Settings/Startup_Code/startup.o
 .debug_macro   0x00000000      0x802 ./Project_Settings/Startup_Code/startup.o
 .debug_macro   0x00000000       0x16 ./Project_Settings/Startup_Code/startup.o
 .group         0x00000000        0x8 ./Generated_Code/AD1.o
 .group         0x00000000        0x8 ./Generated_Code/AD1.o
 .group         0x00000000        0x8 ./Generated_Code/AD1.o
 .group         0x00000000        0x8 ./Generated_Code/AD1.o
 .group         0x00000000        0x8 ./Generated_Code/AD1.o
 .group         0x00000000        0x8 ./Generated_Code/AD1.o
 .group         0x00000000        0x8 ./Generated_Code/AD1.o
 .group         0x00000000        0x8 ./Generated_Code/AD1.o
 .group         0x00000000        0x8 ./Generated_Code/AD1.o
 .group         0x00000000        0x8 ./Generated_Code/AD1.o
 .group         0x00000000        0x8 ./Generated_Code/AD1.o
 .group         0x00000000        0x8 ./Generated_Code/AD1.o
 .group         0x00000000        0x8 ./Generated_Code/AD1.o
 .text          0x00000000        0x0 ./Generated_Code/AD1.o
 .data          0x00000000        0x0 ./Generated_Code/AD1.o
 .bss           0x00000000        0x0 ./Generated_Code/AD1.o
 .text.AD1_Measure
                0x00000000       0x40 ./Generated_Code/AD1.o
 .text.PE_AD1_GetChanValue
                0x00000000       0x70 ./Generated_Code/AD1.o
 .text.AD1_GetValue16
                0x00000000       0x70 ./Generated_Code/AD1.o
 .text.PE_AD1_Calibrate
                0x00000000       0x64 ./Generated_Code/AD1.o
 .debug_macro   0x00000000      0x802 ./Generated_Code/AD1.o
 .debug_macro   0x00000000       0x16 ./Generated_Code/AD1.o
 .debug_macro   0x00000000       0x44 ./Generated_Code/AD1.o
 .debug_macro   0x00000000      0x209 ./Generated_Code/AD1.o
 .debug_macro   0x00000000     0x1584 ./Generated_Code/AD1.o
 .debug_macro   0x00000000      0x14e ./Generated_Code/AD1.o
 .debug_macro   0x00000000       0x64 ./Generated_Code/AD1.o
 .debug_macro   0x00000000     0x6691 ./Generated_Code/AD1.o
 .debug_macro   0x00000000       0x94 ./Generated_Code/AD1.o
 .debug_macro   0x00000000       0x74 ./Generated_Code/AD1.o
 .debug_macro   0x00000000       0x25 ./Generated_Code/AD1.o
 .group         0x00000000        0x8 ./Generated_Code/AdcLdd1.o
 .group         0x00000000        0x8 ./Generated_Code/AdcLdd1.o
 .group         0x00000000        0x8 ./Generated_Code/AdcLdd1.o
 .group         0x00000000        0x8 ./Generated_Code/AdcLdd1.o
 .group         0x00000000        0x8 ./Generated_Code/AdcLdd1.o
 .group         0x00000000        0x8 ./Generated_Code/AdcLdd1.o
 .group         0x00000000        0x8 ./Generated_Code/AdcLdd1.o
 .group         0x00000000        0x8 ./Generated_Code/AdcLdd1.o
 .group         0x00000000        0x8 ./Generated_Code/AdcLdd1.o
 .group         0x00000000        0x8 ./Generated_Code/AdcLdd1.o
 .group         0x00000000        0x8 ./Generated_Code/AdcLdd1.o
 .group         0x00000000        0x8 ./Generated_Code/AdcLdd1.o
 .text          0x00000000        0x0 ./Generated_Code/AdcLdd1.o
 .data          0x00000000        0x0 ./Generated_Code/AdcLdd1.o
 .bss           0x00000000        0x0 ./Generated_Code/AdcLdd1.o
 .rodata.ChannelToPin
                0x00000000        0x4 ./Generated_Code/AdcLdd1.o
 .text.AdcLdd1_CancelMeasurement
                0x00000000       0x28 ./Generated_Code/AdcLdd1.o
 .text.AdcLdd1_StartCalibration
                0x00000000       0x48 ./Generated_Code/AdcLdd1.o
 .text.AdcLdd1_GetCalibrationResultStatus
                0x00000000       0xb8 ./Generated_Code/AdcLdd1.o
 .debug_macro   0x00000000      0x802 ./Generated_Code/AdcLdd1.o
 .debug_macro   0x00000000       0x16 ./Generated_Code/AdcLdd1.o
 .debug_macro   0x00000000       0x44 ./Generated_Code/AdcLdd1.o
 .debug_macro   0x00000000      0x209 ./Generated_Code/AdcLdd1.o
 .debug_macro   0x00000000     0x1584 ./Generated_Code/AdcLdd1.o
 .debug_macro   0x00000000      0x14e ./Generated_Code/AdcLdd1.o
 .debug_macro   0x00000000       0x64 ./Generated_Code/AdcLdd1.o
 .debug_macro   0x00000000     0x6691 ./Generated_Code/AdcLdd1.o
 .debug_macro   0x00000000       0x9a ./Generated_Code/AdcLdd1.o
 .debug_macro   0x00000000       0x94 ./Generated_Code/AdcLdd1.o
 .debug_macro   0x00000000      0x616 ./Generated_Code/AdcLdd1.o
 .debug_macro   0x00000000       0x74 ./Generated_Code/AdcLdd1.o
 .group         0x00000000        0x8 ./Generated_Code/Cpu.o
 .group         0x00000000        0x8 ./Generated_Code/Cpu.o
 .group         0x00000000        0x8 ./Generated_Code/Cpu.o
 .group         0x00000000        0x8 ./Generated_Code/Cpu.o
 .group         0x00000000        0x8 ./Generated_Code/Cpu.o
 .group         0x00000000        0x8 ./Generated_Code/Cpu.o
 .group         0x00000000        0x8 ./Generated_Code/Cpu.o
 .group         0x00000000        0x8 ./Generated_Code/Cpu.o
 .group         0x00000000        0x8 ./Generated_Code/Cpu.o
 .group         0x00000000        0x8 ./Generated_Code/Cpu.o
 .group         0x00000000        0x8 ./Generated_Code/Cpu.o
 .group         0x00000000        0x8 ./Generated_Code/Cpu.o
 .group         0x00000000        0x8 ./Generated_Code/Cpu.o
 .group         0x00000000        0x8 ./Generated_Code/Cpu.o
 .group         0x00000000        0x8 ./Generated_Code/Cpu.o
 .group         0x00000000        0x8 ./Generated_Code/Cpu.o
 .group         0x00000000        0x8 ./Generated_Code/Cpu.o
 .group         0x00000000        0x8 ./Generated_Code/Cpu.o
 .text          0x00000000        0x0 ./Generated_Code/Cpu.o
 .data          0x00000000        0x0 ./Generated_Code/Cpu.o
 .bss           0x00000000        0x0 ./Generated_Code/Cpu.o
 .debug_macro   0x00000000      0x802 ./Generated_Code/Cpu.o
 .debug_macro   0x00000000       0x16 ./Generated_Code/Cpu.o
 .debug_macro   0x00000000       0x44 ./Generated_Code/Cpu.o
 .debug_macro   0x00000000      0x209 ./Generated_Code/Cpu.o
 .debug_macro   0x00000000     0x1584 ./Generated_Code/Cpu.o
 .debug_macro   0x00000000      0x14e ./Generated_Code/Cpu.o
 .debug_macro   0x00000000       0x64 ./Generated_Code/Cpu.o
 .debug_macro   0x00000000     0x6691 ./Generated_Code/Cpu.o
 .debug_macro   0x00000000       0x94 ./Generated_Code/Cpu.o
 .debug_macro   0x00000000      0x1d6 ./Generated_Code/Cpu.o
 .debug_macro   0x00000000       0x9a ./Generated_Code/Cpu.o
 .debug_macro   0x00000000       0x7b ./Generated_Code/Cpu.o
 .debug_macro   0x00000000      0x61c ./Generated_Code/Cpu.o
 .debug_macro   0x00000000       0x74 ./Generated_Code/Cpu.o
 .debug_macro   0x00000000       0x25 ./Generated_Code/Cpu.o
 .debug_macro   0x00000000      0x16b ./Generated_Code/Cpu.o
 .debug_macro   0x00000000       0x22 ./Generated_Code/Cpu.o
 .group         0x00000000        0x8 ./Generated_Code/DA1.o
 .group         0x00000000        0x8 ./Generated_Code/DA1.o
 .group         0x00000000        0x8 ./Generated_Code/DA1.o
 .group         0x00000000        0x8 ./Generated_Code/DA1.o
 .group         0x00000000        0x8 ./Generated_Code/DA1.o
 .group         0x00000000        0x8 ./Generated_Code/DA1.o
 .group         0x00000000        0x8 ./Generated_Code/DA1.o
 .group         0x00000000        0x8 ./Generated_Code/DA1.o
 .group         0x00000000        0x8 ./Generated_Code/DA1.o
 .group         0x00000000        0x8 ./Generated_Code/DA1.o
 .group         0x00000000        0x8 ./Generated_Code/DA1.o
 .group         0x00000000        0x8 ./Generated_Code/DA1.o
 .text          0x00000000        0x0 ./Generated_Code/DA1.o
 .data          0x00000000        0x0 ./Generated_Code/DA1.o
 .bss           0x00000000        0x0 ./Generated_Code/DA1.o
 .debug_info    0x00000000       0x7d ./Generated_Code/DA1.o
 .debug_abbrev  0x00000000       0x29 ./Generated_Code/DA1.o
 .debug_aranges
                0x00000000       0x18 ./Generated_Code/DA1.o
 .debug_macro   0x00000000       0xb6 ./Generated_Code/DA1.o
 .debug_macro   0x00000000      0x802 ./Generated_Code/DA1.o
 .debug_macro   0x00000000       0x16 ./Generated_Code/DA1.o
 .debug_macro   0x00000000       0x44 ./Generated_Code/DA1.o
 .debug_macro   0x00000000      0x209 ./Generated_Code/DA1.o
 .debug_macro   0x00000000     0x1584 ./Generated_Code/DA1.o
 .debug_macro   0x00000000      0x14e ./Generated_Code/DA1.o
 .debug_macro   0x00000000       0x64 ./Generated_Code/DA1.o
 .debug_macro   0x00000000     0x6691 ./Generated_Code/DA1.o
 .debug_macro   0x00000000       0x9a ./Generated_Code/DA1.o
 .debug_macro   0x00000000       0x94 ./Generated_Code/DA1.o
 .debug_macro   0x00000000      0x165 ./Generated_Code/DA1.o
 .debug_macro   0x00000000       0x22 ./Generated_Code/DA1.o
 .debug_line    0x00000000      0x259 ./Generated_Code/DA1.o
 .debug_str     0x00000000    0x2d7fe ./Generated_Code/DA1.o
 .comment       0x00000000       0x71 ./Generated_Code/DA1.o
 .ARM.attributes
                0x00000000       0x32 ./Generated_Code/DA1.o
 .group         0x00000000        0x8 ./Generated_Code/DacLdd1.o
 .group         0x00000000        0x8 ./Generated_Code/DacLdd1.o
 .group         0x00000000        0x8 ./Generated_Code/DacLdd1.o
 .group         0x00000000        0x8 ./Generated_Code/DacLdd1.o
 .group         0x00000000        0x8 ./Generated_Code/DacLdd1.o
 .group         0x00000000        0x8 ./Generated_Code/DacLdd1.o
 .group         0x00000000        0x8 ./Generated_Code/DacLdd1.o
 .group         0x00000000        0x8 ./Generated_Code/DacLdd1.o
 .group         0x00000000        0x8 ./Generated_Code/DacLdd1.o
 .group         0x00000000        0x8 ./Generated_Code/DacLdd1.o
 .group         0x00000000        0x8 ./Generated_Code/DacLdd1.o
 .group         0x00000000        0x8 ./Generated_Code/DacLdd1.o
 .text          0x00000000        0x0 ./Generated_Code/DacLdd1.o
 .data          0x00000000        0x0 ./Generated_Code/DacLdd1.o
 .bss           0x00000000        0x0 ./Generated_Code/DacLdd1.o
 .debug_macro   0x00000000      0x802 ./Generated_Code/DacLdd1.o
 .debug_macro   0x00000000       0x16 ./Generated_Code/DacLdd1.o
 .debug_macro   0x00000000       0x44 ./Generated_Code/DacLdd1.o
 .debug_macro   0x00000000      0x209 ./Generated_Code/DacLdd1.o
 .debug_macro   0x00000000     0x1584 ./Generated_Code/DacLdd1.o
 .debug_macro   0x00000000      0x14e ./Generated_Code/DacLdd1.o
 .debug_macro   0x00000000       0x64 ./Generated_Code/DacLdd1.o
 .debug_macro   0x00000000     0x6691 ./Generated_Code/DacLdd1.o
 .debug_macro   0x00000000       0x9a ./Generated_Code/DacLdd1.o
 .debug_macro   0x00000000       0x94 ./Generated_Code/DacLdd1.o
 .debug_macro   0x00000000      0x165 ./Generated_Code/DacLdd1.o
 .debug_macro   0x00000000       0x22 ./Generated_Code/DacLdd1.o
 .group         0x00000000        0x8 ./Generated_Code/PE_LDD.o
 .group         0x00000000        0x8 ./Generated_Code/PE_LDD.o
 .group         0x00000000        0x8 ./Generated_Code/PE_LDD.o
 .group         0x00000000        0x8 ./Generated_Code/PE_LDD.o
 .group         0x00000000        0x8 ./Generated_Code/PE_LDD.o
 .group         0x00000000        0x8 ./Generated_Code/PE_LDD.o
 .group         0x00000000        0x8 ./Generated_Code/PE_LDD.o
 .group         0x00000000        0x8 ./Generated_Code/PE_LDD.o
 .group         0x00000000        0x8 ./Generated_Code/PE_LDD.o
 .group         0x00000000        0x8 ./Generated_Code/PE_LDD.o
 .group         0x00000000        0x8 ./Generated_Code/PE_LDD.o
 .group         0x00000000        0x8 ./Generated_Code/PE_LDD.o
 .group         0x00000000        0x8 ./Generated_Code/PE_LDD.o
 .group         0x00000000        0x8 ./Generated_Code/PE_LDD.o
 .group         0x00000000        0x8 ./Generated_Code/PE_LDD.o
 .group         0x00000000        0x8 ./Generated_Code/PE_LDD.o
 .group         0x00000000        0x8 ./Generated_Code/PE_LDD.o
 .group         0x00000000        0x8 ./Generated_Code/PE_LDD.o
 .text          0x00000000        0x0 ./Generated_Code/PE_LDD.o
 .data          0x00000000        0x0 ./Generated_Code/PE_LDD.o
 .bss           0x00000000        0x0 ./Generated_Code/PE_LDD.o
 .rodata.PE_CpuClockConfigurations
                0x00000000       0x28 ./Generated_Code/PE_LDD.o
 .text.PE_FillMemory
                0x00000000       0x24 ./Generated_Code/PE_LDD.o
 .text.PE_PeripheralUsed
                0x00000000       0x4c ./Generated_Code/PE_LDD.o
 .text.LDD_SetClockConfiguration
                0x00000000       0x14 ./Generated_Code/PE_LDD.o
 .debug_macro   0x00000000      0x802 ./Generated_Code/PE_LDD.o
 .debug_macro   0x00000000       0x16 ./Generated_Code/PE_LDD.o
 .debug_macro   0x00000000       0x44 ./Generated_Code/PE_LDD.o
 .debug_macro   0x00000000      0x209 ./Generated_Code/PE_LDD.o
 .debug_macro   0x00000000     0x1584 ./Generated_Code/PE_LDD.o
 .debug_macro   0x00000000      0x14e ./Generated_Code/PE_LDD.o
 .debug_macro   0x00000000       0x64 ./Generated_Code/PE_LDD.o
 .debug_macro   0x00000000     0x6691 ./Generated_Code/PE_LDD.o
 .debug_macro   0x00000000       0x94 ./Generated_Code/PE_LDD.o
 .debug_macro   0x00000000      0x1d6 ./Generated_Code/PE_LDD.o
 .debug_macro   0x00000000       0x9a ./Generated_Code/PE_LDD.o
 .debug_macro   0x00000000       0x7b ./Generated_Code/PE_LDD.o
 .debug_macro   0x00000000       0x22 ./Generated_Code/PE_LDD.o
 .debug_macro   0x00000000      0x61c ./Generated_Code/PE_LDD.o
 .debug_macro   0x00000000       0x74 ./Generated_Code/PE_LDD.o
 .debug_macro   0x00000000       0x25 ./Generated_Code/PE_LDD.o
 .debug_macro   0x00000000      0x16b ./Generated_Code/PE_LDD.o
 .debug_macro   0x00000000       0x22 ./Generated_Code/PE_LDD.o
 .group         0x00000000        0x8 ./Generated_Code/TI1.o
 .group         0x00000000        0x8 ./Generated_Code/TI1.o
 .group         0x00000000        0x8 ./Generated_Code/TI1.o
 .group         0x00000000        0x8 ./Generated_Code/TI1.o
 .group         0x00000000        0x8 ./Generated_Code/TI1.o
 .group         0x00000000        0x8 ./Generated_Code/TI1.o
 .group         0x00000000        0x8 ./Generated_Code/TI1.o
 .group         0x00000000        0x8 ./Generated_Code/TI1.o
 .group         0x00000000        0x8 ./Generated_Code/TI1.o
 .group         0x00000000        0x8 ./Generated_Code/TI1.o
 .group         0x00000000        0x8 ./Generated_Code/TI1.o
 .group         0x00000000        0x8 ./Generated_Code/TI1.o
 .group         0x00000000        0x8 ./Generated_Code/TI1.o
 .group         0x00000000        0x8 ./Generated_Code/TI1.o
 .group         0x00000000        0x8 ./Generated_Code/TI1.o
 .group         0x00000000        0x8 ./Generated_Code/TI1.o
 .group         0x00000000        0x8 ./Generated_Code/TI1.o
 .group         0x00000000        0x8 ./Generated_Code/TI1.o
 .text          0x00000000        0x0 ./Generated_Code/TI1.o
 .data          0x00000000        0x0 ./Generated_Code/TI1.o
 .bss           0x00000000        0x0 ./Generated_Code/TI1.o
 .debug_macro   0x00000000      0x802 ./Generated_Code/TI1.o
 .debug_macro   0x00000000       0x16 ./Generated_Code/TI1.o
 .debug_macro   0x00000000       0x44 ./Generated_Code/TI1.o
 .debug_macro   0x00000000      0x209 ./Generated_Code/TI1.o
 .debug_macro   0x00000000     0x1584 ./Generated_Code/TI1.o
 .debug_macro   0x00000000      0x14e ./Generated_Code/TI1.o
 .debug_macro   0x00000000       0x64 ./Generated_Code/TI1.o
 .debug_macro   0x00000000     0x6691 ./Generated_Code/TI1.o
 .debug_macro   0x00000000       0x94 ./Generated_Code/TI1.o
 .debug_macro   0x00000000      0x1d6 ./Generated_Code/TI1.o
 .debug_macro   0x00000000       0x9a ./Generated_Code/TI1.o
 .debug_macro   0x00000000       0x7b ./Generated_Code/TI1.o
 .debug_macro   0x00000000       0x1c ./Generated_Code/TI1.o
 .debug_macro   0x00000000      0x61c ./Generated_Code/TI1.o
 .debug_macro   0x00000000       0x74 ./Generated_Code/TI1.o
 .debug_macro   0x00000000       0x25 ./Generated_Code/TI1.o
 .debug_macro   0x00000000      0x16b ./Generated_Code/TI1.o
 .debug_macro   0x00000000       0x22 ./Generated_Code/TI1.o
 .group         0x00000000        0x8 ./Generated_Code/TU1.o
 .group         0x00000000        0x8 ./Generated_Code/TU1.o
 .group         0x00000000        0x8 ./Generated_Code/TU1.o
 .group         0x00000000        0x8 ./Generated_Code/TU1.o
 .group         0x00000000        0x8 ./Generated_Code/TU1.o
 .group         0x00000000        0x8 ./Generated_Code/TU1.o
 .group         0x00000000        0x8 ./Generated_Code/TU1.o
 .group         0x00000000        0x8 ./Generated_Code/TU1.o
 .group         0x00000000        0x8 ./Generated_Code/TU1.o
 .group         0x00000000        0x8 ./Generated_Code/TU1.o
 .group         0x00000000        0x8 ./Generated_Code/TU1.o
 .group         0x00000000        0x8 ./Generated_Code/TU1.o
 .group         0x00000000        0x8 ./Generated_Code/TU1.o
 .text          0x00000000        0x0 ./Generated_Code/TU1.o
 .data          0x00000000        0x0 ./Generated_Code/TU1.o
 .bss           0x00000000        0x0 ./Generated_Code/TU1.o
 .rodata.ChannelDevice
                0x00000000        0x4 ./Generated_Code/TU1.o
 .rodata.ChannelMode
                0x00000000        0x4 ./Generated_Code/TU1.o
 .text.TU1_GetCounterValue
                0x00000000       0x1c ./Generated_Code/TU1.o
 .debug_macro   0x00000000      0x802 ./Generated_Code/TU1.o
 .debug_macro   0x00000000       0x16 ./Generated_Code/TU1.o
 .debug_macro   0x00000000       0x44 ./Generated_Code/TU1.o
 .debug_macro   0x00000000      0x209 ./Generated_Code/TU1.o
 .debug_macro   0x00000000     0x1584 ./Generated_Code/TU1.o
 .debug_macro   0x00000000      0x14e ./Generated_Code/TU1.o
 .debug_macro   0x00000000       0x64 ./Generated_Code/TU1.o
 .debug_macro   0x00000000     0x6691 ./Generated_Code/TU1.o
 .debug_macro   0x00000000       0x94 ./Generated_Code/TU1.o
 .debug_macro   0x00000000      0x1d6 ./Generated_Code/TU1.o
 .debug_macro   0x00000000       0x9a ./Generated_Code/TU1.o
 .debug_macro   0x00000000       0x7b ./Generated_Code/TU1.o
 .debug_macro   0x00000000       0x1c ./Generated_Code/TU1.o
 .group         0x00000000        0x8 ./Generated_Code/TimerIntLdd1.o
 .group         0x00000000        0x8 ./Generated_Code/TimerIntLdd1.o
 .group         0x00000000        0x8 ./Generated_Code/TimerIntLdd1.o
 .group         0x00000000        0x8 ./Generated_Code/TimerIntLdd1.o
 .group         0x00000000        0x8 ./Generated_Code/TimerIntLdd1.o
 .group         0x00000000        0x8 ./Generated_Code/TimerIntLdd1.o
 .group         0x00000000        0x8 ./Generated_Code/TimerIntLdd1.o
 .group         0x00000000        0x8 ./Generated_Code/TimerIntLdd1.o
 .group         0x00000000        0x8 ./Generated_Code/TimerIntLdd1.o
 .group         0x00000000        0x8 ./Generated_Code/TimerIntLdd1.o
 .group         0x00000000        0x8 ./Generated_Code/TimerIntLdd1.o
 .group         0x00000000        0x8 ./Generated_Code/TimerIntLdd1.o
 .group         0x00000000        0x8 ./Generated_Code/TimerIntLdd1.o
 .text          0x00000000        0x0 ./Generated_Code/TimerIntLdd1.o
 .data          0x00000000        0x0 ./Generated_Code/TimerIntLdd1.o
 .bss           0x00000000        0x0 ./Generated_Code/TimerIntLdd1.o
 .debug_macro   0x00000000      0x802 ./Generated_Code/TimerIntLdd1.o
 .debug_macro   0x00000000       0x16 ./Generated_Code/TimerIntLdd1.o
 .debug_macro   0x00000000       0x44 ./Generated_Code/TimerIntLdd1.o
 .debug_macro   0x00000000      0x209 ./Generated_Code/TimerIntLdd1.o
 .debug_macro   0x00000000     0x1584 ./Generated_Code/TimerIntLdd1.o
 .debug_macro   0x00000000      0x14e ./Generated_Code/TimerIntLdd1.o
 .debug_macro   0x00000000       0x64 ./Generated_Code/TimerIntLdd1.o
 .debug_macro   0x00000000     0x6691 ./Generated_Code/TimerIntLdd1.o
 .debug_macro   0x00000000       0x94 ./Generated_Code/TimerIntLdd1.o
 .debug_macro   0x00000000      0x1d6 ./Generated_Code/TimerIntLdd1.o
 .debug_macro   0x00000000       0x9a ./Generated_Code/TimerIntLdd1.o
 .debug_macro   0x00000000       0x7b ./Generated_Code/TimerIntLdd1.o
 .debug_macro   0x00000000       0x1c ./Generated_Code/TimerIntLdd1.o
 .group         0x00000000        0x8 ./Generated_Code/Vectors.o
 .group         0x00000000        0x8 ./Generated_Code/Vectors.o
 .group         0x00000000        0x8 ./Generated_Code/Vectors.o
 .group         0x00000000        0x8 ./Generated_Code/Vectors.o
 .group         0x00000000        0x8 ./Generated_Code/Vectors.o
 .group         0x00000000        0x8 ./Generated_Code/Vectors.o
 .group         0x00000000        0x8 ./Generated_Code/Vectors.o
 .group         0x00000000        0x8 ./Generated_Code/Vectors.o
 .group         0x00000000        0x8 ./Generated_Code/Vectors.o
 .group         0x00000000        0x8 ./Generated_Code/Vectors.o
 .group         0x00000000        0x8 ./Generated_Code/Vectors.o
 .group         0x00000000        0x8 ./Generated_Code/Vectors.o
 .group         0x00000000        0x8 ./Generated_Code/Vectors.o
 .group         0x00000000        0x8 ./Generated_Code/Vectors.o
 .group         0x00000000        0x8 ./Generated_Code/Vectors.o
 .group         0x00000000        0x8 ./Generated_Code/Vectors.o
 .group         0x00000000        0x8 ./Generated_Code/Vectors.o
 .group         0x00000000        0x8 ./Generated_Code/Vectors.o
 .text          0x00000000        0x0 ./Generated_Code/Vectors.o
 .data          0x00000000        0x0 ./Generated_Code/Vectors.o
 .bss           0x00000000        0x0 ./Generated_Code/Vectors.o
 .debug_macro   0x00000000      0x802 ./Generated_Code/Vectors.o
 .debug_macro   0x00000000       0x16 ./Generated_Code/Vectors.o
 .debug_macro   0x00000000       0x44 ./Generated_Code/Vectors.o
 .debug_macro   0x00000000      0x209 ./Generated_Code/Vectors.o
 .debug_macro   0x00000000     0x1584 ./Generated_Code/Vectors.o
 .debug_macro   0x00000000      0x14e ./Generated_Code/Vectors.o
 .debug_macro   0x00000000       0x64 ./Generated_Code/Vectors.o
 .debug_macro   0x00000000     0x6691 ./Generated_Code/Vectors.o
 .debug_macro   0x00000000       0x94 ./Generated_Code/Vectors.o
 .debug_macro   0x00000000       0x94 ./Generated_Code/Vectors.o
 .debug_macro   0x00000000      0x1d6 ./Generated_Code/Vectors.o
 .debug_macro   0x00000000       0x7b ./Generated_Code/Vectors.o
 .debug_macro   0x00000000       0x22 ./Generated_Code/Vectors.o
 .debug_macro   0x00000000      0x61c ./Generated_Code/Vectors.o
 .debug_macro   0x00000000       0x74 ./Generated_Code/Vectors.o
 .debug_macro   0x00000000       0x25 ./Generated_Code/Vectors.o
 .debug_macro   0x00000000      0x16b ./Generated_Code/Vectors.o
 .debug_macro   0x00000000       0x22 ./Generated_Code/Vectors.o
 .text          0x00000000        0x0 c:/freescale/kds_3.0.0/toolchain/bin/../lib/gcc/arm-none-eabi/4.8.4/../../../../arm-none-eabi/lib/armv6-m\libg_s.a(lib_a-exit.o)
 .data          0x00000000        0x0 c:/freescale/kds_3.0.0/toolchain/bin/../lib/gcc/arm-none-eabi/4.8.4/../../../../arm-none-eabi/lib/armv6-m\libg_s.a(lib_a-exit.o)
 .bss           0x00000000        0x0 c:/freescale/kds_3.0.0/toolchain/bin/../lib/gcc/arm-none-eabi/4.8.4/../../../../arm-none-eabi/lib/armv6-m\libg_s.a(lib_a-exit.o)
 .text          0x00000000        0x0 c:/freescale/kds_3.0.0/toolchain/bin/../lib/gcc/arm-none-eabi/4.8.4/../../../../arm-none-eabi/lib/armv6-m\libg_s.a(lib_a-impure.o)
 .data          0x00000000        0x0 c:/freescale/kds_3.0.0/toolchain/bin/../lib/gcc/arm-none-eabi/4.8.4/../../../../arm-none-eabi/lib/armv6-m\libg_s.a(lib_a-impure.o)
 .bss           0x00000000        0x0 c:/freescale/kds_3.0.0/toolchain/bin/../lib/gcc/arm-none-eabi/4.8.4/../../../../arm-none-eabi/lib/armv6-m\libg_s.a(lib_a-impure.o)
 .data._impure_ptr
                0x00000000        0x4 c:/freescale/kds_3.0.0/toolchain/bin/../lib/gcc/arm-none-eabi/4.8.4/../../../../arm-none-eabi/lib/armv6-m\libg_s.a(lib_a-impure.o)
 .text          0x00000000        0x0 c:/freescale/kds_3.0.0/toolchain/bin/../lib/gcc/arm-none-eabi/4.8.4/../../../../arm-none-eabi/lib/armv6-m\libg_s.a(lib_a-init.o)
 .data          0x00000000        0x0 c:/freescale/kds_3.0.0/toolchain/bin/../lib/gcc/arm-none-eabi/4.8.4/../../../../arm-none-eabi/lib/armv6-m\libg_s.a(lib_a-init.o)
 .bss           0x00000000        0x0 c:/freescale/kds_3.0.0/toolchain/bin/../lib/gcc/arm-none-eabi/4.8.4/../../../../arm-none-eabi/lib/armv6-m\libg_s.a(lib_a-init.o)
 .text          0x00000000        0x0 c:/freescale/kds_3.0.0/toolchain/bin/../lib/gcc/arm-none-eabi/4.8.4/../../../../arm-none-eabi/lib/armv6-m\libg_s.a(lib_a-memset.o)
 .data          0x00000000        0x0 c:/freescale/kds_3.0.0/toolchain/bin/../lib/gcc/arm-none-eabi/4.8.4/../../../../arm-none-eabi/lib/armv6-m\libg_s.a(lib_a-memset.o)
 .bss           0x00000000        0x0 c:/freescale/kds_3.0.0/toolchain/bin/../lib/gcc/arm-none-eabi/4.8.4/../../../../arm-none-eabi/lib/armv6-m\libg_s.a(lib_a-memset.o)
 .text          0x00000000        0x0 c:/freescale/kds_3.0.0/toolchain/bin/../lib/gcc/arm-none-eabi/4.8.4/../../../../arm-none-eabi/lib/armv6-m\libnosys.a(_exit.o)
 .data          0x00000000        0x0 c:/freescale/kds_3.0.0/toolchain/bin/../lib/gcc/arm-none-eabi/4.8.4/../../../../arm-none-eabi/lib/armv6-m\libnosys.a(_exit.o)
 .bss           0x00000000        0x0 c:/freescale/kds_3.0.0/toolchain/bin/../lib/gcc/arm-none-eabi/4.8.4/../../../../arm-none-eabi/lib/armv6-m\libnosys.a(_exit.o)
 .text          0x00000000        0x0 c:/freescale/kds_3.0.0/toolchain/bin/../lib/gcc/arm-none-eabi/4.8.4/armv6-m/crtend.o
 .data          0x00000000        0x0 c:/freescale/kds_3.0.0/toolchain/bin/../lib/gcc/arm-none-eabi/4.8.4/armv6-m/crtend.o
 .bss           0x00000000        0x0 c:/freescale/kds_3.0.0/toolchain/bin/../lib/gcc/arm-none-eabi/4.8.4/armv6-m/crtend.o
 .eh_frame      0x00000000        0x4 c:/freescale/kds_3.0.0/toolchain/bin/../lib/gcc/arm-none-eabi/4.8.4/armv6-m/crtend.o
 .jcr           0x00000000        0x4 c:/freescale/kds_3.0.0/toolchain/bin/../lib/gcc/arm-none-eabi/4.8.4/armv6-m/crtend.o
 .ARM.attributes
                0x00000000       0x2c c:/freescale/kds_3.0.0/toolchain/bin/../lib/gcc/arm-none-eabi/4.8.4/armv6-m/crtend.o
 .text          0x00000000        0x0 c:/freescale/kds_3.0.0/toolchain/bin/../lib/gcc/arm-none-eabi/4.8.4/armv6-m/crtn.o
 .data          0x00000000        0x0 c:/freescale/kds_3.0.0/toolchain/bin/../lib/gcc/arm-none-eabi/4.8.4/armv6-m/crtn.o
 .bss           0x00000000        0x0 c:/freescale/kds_3.0.0/toolchain/bin/../lib/gcc/arm-none-eabi/4.8.4/armv6-m/crtn.o

Memory Configuration

Name             Origin             Length             Attributes
m_interrupts     0x00000000         0x000000c0         xr
m_text           0x00000410         0x0001fbf0         xr
m_data           0x1ffff000         0x00004000         rw
m_cfmprotrom     0x00000400         0x00000010         xr
*default*        0x00000000         0xffffffff

Linker script and memory map

LOAD c:/freescale/kds_3.0.0/toolchain/bin/../lib/gcc/arm-none-eabi/4.8.4/armv6-m/crti.o
LOAD c:/freescale/kds_3.0.0/toolchain/bin/../lib/gcc/arm-none-eabi/4.8.4/armv6-m/crtbegin.o
LOAD c:/freescale/kds_3.0.0/toolchain/bin/../lib/gcc/arm-none-eabi/4.8.4/../../../../arm-none-eabi/lib/armv6-m/crt0.o
LOAD ./Sources/Events.o
LOAD ./Sources/main.o
LOAD ./Project_Settings/Startup_Code/startup.o
LOAD ./Generated_Code/AD1.o
LOAD ./Generated_Code/AdcLdd1.o
LOAD ./Generated_Code/Cpu.o
LOAD ./Generated_Code/DA1.o
LOAD ./Generated_Code/DacLdd1.o
LOAD ./Generated_Code/PE_LDD.o
LOAD ./Generated_Code/TI1.o
LOAD ./Generated_Code/TU1.o
LOAD ./Generated_Code/TimerIntLdd1.o
LOAD ./Generated_Code/Vectors.o
LOAD c:/freescale/kds_3.0.0/toolchain/bin/../lib/gcc/arm-none-eabi/4.8.4/../../../../arm-none-eabi/lib/armv6-m\libstdc++_s.a
LOAD c:/freescale/kds_3.0.0/toolchain/bin/../lib/gcc/arm-none-eabi/4.8.4/../../../../arm-none-eabi/lib/armv6-m\libm.a
START GROUP
LOAD c:/freescale/kds_3.0.0/toolchain/bin/../lib/gcc/arm-none-eabi/4.8.4/armv6-m\libgcc.a
LOAD c:/freescale/kds_3.0.0/toolchain/bin/../lib/gcc/arm-none-eabi/4.8.4/../../../../arm-none-eabi/lib/armv6-m\libg_s.a
LOAD c:/freescale/kds_3.0.0/toolchain/bin/../lib/gcc/arm-none-eabi/4.8.4/../../../../arm-none-eabi/lib/armv6-m\libc_s.a
END GROUP
START GROUP
LOAD c:/freescale/kds_3.0.0/toolchain/bin/../lib/gcc/arm-none-eabi/4.8.4/armv6-m\libgcc.a
LOAD c:/freescale/kds_3.0.0/toolchain/bin/../lib/gcc/arm-none-eabi/4.8.4/../../../../arm-none-eabi/lib/armv6-m\libc_s.a
LOAD c:/freescale/kds_3.0.0/toolchain/bin/../lib/gcc/arm-none-eabi/4.8.4/../../../../arm-none-eabi/lib/armv6-m\libnosys.a
END GROUP
START GROUP
LOAD c:/freescale/kds_3.0.0/toolchain/bin/../lib/gcc/arm-none-eabi/4.8.4/armv6-m\libgcc.a
LOAD c:/freescale/kds_3.0.0/toolchain/bin/../lib/gcc/arm-none-eabi/4.8.4/../../../../arm-none-eabi/lib/armv6-m\libc_s.a
LOAD c:/freescale/kds_3.0.0/toolchain/bin/../lib/gcc/arm-none-eabi/4.8.4/../../../../arm-none-eabi/lib/armv6-m\libnosys.a
END GROUP
LOAD c:/freescale/kds_3.0.0/toolchain/bin/../lib/gcc/arm-none-eabi/4.8.4/armv6-m/crtend.o
LOAD c:/freescale/kds_3.0.0/toolchain/bin/../lib/gcc/arm-none-eabi/4.8.4/armv6-m/crtn.o
                0x20003000                _estack = 0x20003000
                0x20003000                __SP_INIT = _estack
                0x20003000                __stack = _estack
                0x00000000                __heap_size = 0x0
                0x00000400                __stack_size = 0x400

.interrupts     0x00000000       0xc0
                0x00000000                __vector_table = .
                0x00000000                . = ALIGN (0x4)
 *(.vectortable)
 .vectortable   0x00000000       0xc0 ./Generated_Code/Vectors.o
                0x00000000                __vect_table
                0x000000c0                . = ALIGN (0x4)

.cfmprotect     0x00000400       0x10
                0x00000400                . = ALIGN (0x4)
 *(.cfmconfig)
 .cfmconfig     0x00000400       0x10 ./Generated_Code/Cpu.o
                0x00000400                _cfm
                0x00000410                . = ALIGN (0x4)

.text           0x00000410      0xf40
                0x00000410                . = ALIGN (0x4)
 *(.text)
 .text          0x00000410       0x60 c:/freescale/kds_3.0.0/toolchain/bin/../lib/gcc/arm-none-eabi/4.8.4/armv6-m/crtbegin.o
 .text          0x00000470       0x78 c:/freescale/kds_3.0.0/toolchain/bin/../lib/gcc/arm-none-eabi/4.8.4/../../../../arm-none-eabi/lib/armv6-m/crt0.o
                0x00000470                _start
                0x00000470                _mainCRTStartup
 *(.text*)
 .text.Cpu_OnNMIINT
                0x000004e8        0x8 ./Sources/Events.o
                0x000004e8                Cpu_OnNMIINT
 .text.TI1_OnInterrupt
                0x000004f0      0x23c ./Sources/Events.o
                0x000004f0                TI1_OnInterrupt
 .text.main     0x0000072c       0x2c ./Sources/main.o
                0x0000072c                main
 .text.__copy_rom_section
                0x00000758       0xd8 ./Project_Settings/Startup_Code/startup.o
                0x00000758                __copy_rom_section
 .text.__copy_rom_sections_to_ram
                0x00000830       0x98 ./Project_Settings/Startup_Code/startup.o
                0x00000830                __copy_rom_sections_to_ram
 .text.__init_registers
                0x000008c8        0x8 ./Project_Settings/Startup_Code/startup.o
                0x000008c8                __init_registers
 .text.__init_user
                0x000008d0        0x8 ./Project_Settings/Startup_Code/startup.o
                0x000008d0                __init_user
 .text.__thumb_startup
                0x000008d8       0x30 ./Project_Settings/Startup_Code/startup.o
                0x000008d8                __thumb_startup
 .text.AD1_MainMeasure
                0x00000908       0x78 ./Generated_Code/AD1.o
 .text.AD1_HWEnDi
                0x00000980       0x30 ./Generated_Code/AD1.o
                0x00000980                AD1_HWEnDi
 .text.PE_AD1_MeasureChan
                0x000009b0       0x40 ./Generated_Code/AD1.o
                0x000009b0                PE_AD1_MeasureChan
 .text.AD1_Init
                0x000009f0       0x2c ./Generated_Code/AD1.o
                0x000009f0                AD1_Init
 .text.AdcLdd1_Init
                0x00000a1c       0x80 ./Generated_Code/AdcLdd1.o
                0x00000a1c                AdcLdd1_Init
 .text.AdcLdd1_StartSingleMeasurement
                0x00000a9c       0x44 ./Generated_Code/AdcLdd1.o
                0x00000a9c                AdcLdd1_StartSingleMeasurement
 .text.AdcLdd1_CreateSampleGroup
                0x00000ae0       0x5c ./Generated_Code/AdcLdd1.o
                0x00000ae0                AdcLdd1_CreateSampleGroup
 .text.AdcLdd1_GetMeasuredValues
                0x00000b3c       0x60 ./Generated_Code/AdcLdd1.o
                0x00000b3c                AdcLdd1_GetMeasuredValues
 .text.AdcLdd1_GetMeasurementCompleteStatus
                0x00000b9c       0x30 ./Generated_Code/AdcLdd1.o
                0x00000b9c                AdcLdd1_GetMeasurementCompleteStatus
 .text.Cpu_INT_NMIInterrupt
                0x00000bcc        0xc ./Generated_Code/Cpu.o
                0x00000bcc                Cpu_INT_NMIInterrupt
 .text.Cpu_Interrupt
                0x00000bd8        0xc ./Generated_Code/Cpu.o
                0x00000bd8                Cpu_Interrupt
 .text.__init_hardware
                0x00000be4      0x110 ./Generated_Code/Cpu.o
                0x00000be4                __init_hardware
 .text.PE_low_level_init
                0x00000cf4       0xd8 ./Generated_Code/Cpu.o
                0x00000cf4                PE_low_level_init
 .text.DacLdd1_Init
                0x00000dcc       0xa4 ./Generated_Code/DacLdd1.o
                0x00000dcc                DacLdd1_Init
 .text.DacLdd1_SetValue
                0x00000e70       0x44 ./Generated_Code/DacLdd1.o
                0x00000e70                DacLdd1_SetValue
 .text.TimerIntLdd1_OnInterrupt
                0x00000eb4       0x14 ./Generated_Code/TI1.o
                0x00000eb4                TimerIntLdd1_OnInterrupt
 .text.TU1_Init
                0x00000ec8       0xf8 ./Generated_Code/TU1.o
                0x00000ec8                TU1_Init
 .text.TU1_SetEventMask
                0x00000fc0       0xe8 ./Generated_Code/TU1.o
                0x00000fc0                TU1_SetEventMask
 .text.TU1_GetEventMask
                0x000010a8       0x18 ./Generated_Code/TU1.o
                0x000010a8                TU1_GetEventMask
 .text.TU1_SetOffsetTicks
                0x000010c0       0x44 ./Generated_Code/TU1.o
                0x000010c0                TU1_SetOffsetTicks
 .text.TU1_GetOffsetTicks
                0x00001104       0x4c ./Generated_Code/TU1.o
                0x00001104                TU1_GetOffsetTicks
 .text.TU1_Interrupt
                0x00001150       0x74 ./Generated_Code/TU1.o
                0x00001150                TU1_Interrupt
 .text.TimerIntLdd1_Init
                0x000011c4       0x78 ./Generated_Code/TimerIntLdd1.o
                0x000011c4                TimerIntLdd1_Init
 .text.TU1_OnChannel0
                0x0000123c       0x68 ./Generated_Code/TimerIntLdd1.o
                0x0000123c                TU1_OnChannel0
 .text.exit     0x000012a4       0x2c c:/freescale/kds_3.0.0/toolchain/bin/../lib/gcc/arm-none-eabi/4.8.4/../../../../arm-none-eabi/lib/armv6-m\libg_s.a(lib_a-exit.o)
                0x000012a4                exit
 .text.__libc_init_array
                0x000012d0       0x4c c:/freescale/kds_3.0.0/toolchain/bin/../lib/gcc/arm-none-eabi/4.8.4/../../../../arm-none-eabi/lib/armv6-m\libg_s.a(lib_a-init.o)
                0x000012d0                __libc_init_array
 .text.memset   0x0000131c       0x10 c:/freescale/kds_3.0.0/toolchain/bin/../lib/gcc/arm-none-eabi/4.8.4/../../../../arm-none-eabi/lib/armv6-m\libg_s.a(lib_a-memset.o)
                0x0000131c                memset
 .text._exit    0x0000132c        0x4 c:/freescale/kds_3.0.0/toolchain/bin/../lib/gcc/arm-none-eabi/4.8.4/../../../../arm-none-eabi/lib/armv6-m\libnosys.a(_exit.o)
                0x0000132c                _exit
 *(.rodata)
 *(.rodata*)
 .rodata.str1.1
                0x00001330        0x2 c:/freescale/kds_3.0.0/toolchain/bin/../lib/gcc/arm-none-eabi/4.8.4/../../../../arm-none-eabi/lib/armv6-m\libg_s.a(lib_a-impure.o)
 *fill*         0x00001332        0x2 
 .rodata._global_impure_ptr
                0x00001334        0x4 c:/freescale/kds_3.0.0/toolchain/bin/../lib/gcc/arm-none-eabi/4.8.4/../../../../arm-none-eabi/lib/armv6-m\libg_s.a(lib_a-impure.o)
                0x00001334                _global_impure_ptr
 *(.glue_7)
 .glue_7        0x00000000        0x0 linker stubs
 *(.glue_7t)
 .glue_7t       0x00000000        0x0 linker stubs
 *(.eh_frame)
 .eh_frame      0x00001338        0x0 c:/freescale/kds_3.0.0/toolchain/bin/../lib/gcc/arm-none-eabi/4.8.4/armv6-m/crtbegin.o
 *(.init)
 .init          0x00001338        0x4 c:/freescale/kds_3.0.0/toolchain/bin/../lib/gcc/arm-none-eabi/4.8.4/armv6-m/crti.o
                0x00001338                _init
 .init          0x0000133c        0x8 c:/freescale/kds_3.0.0/toolchain/bin/../lib/gcc/arm-none-eabi/4.8.4/armv6-m/crtn.o
 *(.fini)
 .fini          0x00001344        0x4 c:/freescale/kds_3.0.0/toolchain/bin/../lib/gcc/arm-none-eabi/4.8.4/armv6-m/crti.o
                0x00001344                _fini
 .fini          0x00001348        0x8 c:/freescale/kds_3.0.0/toolchain/bin/../lib/gcc/arm-none-eabi/4.8.4/armv6-m/crtn.o
                0x00001350                . = ALIGN (0x4)
                0x00001350                _etext = .

.vfp11_veneer   0x00001350        0x0
 .vfp11_veneer  0x00000000        0x0 linker stubs

.v4_bx          0x00001350        0x0
 .v4_bx         0x00000000        0x0 linker stubs

.iplt           0x00001350        0x0
 .iplt          0x00000000        0x0 c:/freescale/kds_3.0.0/toolchain/bin/../lib/gcc/arm-none-eabi/4.8.4/armv6-m/crtbegin.o

.ARM.extab
 *(.ARM.extab* .gnu.linkonce.armextab.*)

.ARM            0x00001350        0x8
                0x00001350                __exidx_start = .
 *(.ARM.exidx*)
 .ARM.exidx     0x00001350        0x8 c:/freescale/kds_3.0.0/toolchain/bin/../lib/gcc/arm-none-eabi/4.8.4/../../../../arm-none-eabi/lib/armv6-m/crt0.o
                0x00001358                __exidx_end = .

.rel.dyn        0x00001358        0x0
 .rel.iplt      0x00000000        0x0 c:/freescale/kds_3.0.0/toolchain/bin/../lib/gcc/arm-none-eabi/4.8.4/armv6-m/crtbegin.o

.ctors          0x00001358        0x0
                0x00001358                __CTOR_LIST__ = .
 *crtbegin.o(.ctors)
 *(EXCLUDE_FILE(*crtend.o) .ctors)
 *(SORT(.ctors.*))
 *(.ctors)
                0x00001358                __CTOR_END__ = .

.dtors          0x00001358        0x0
                0x00001358                __DTOR_LIST__ = .
 *crtbegin.o(.dtors)
 *(EXCLUDE_FILE(*crtend.o) .dtors)
 *(SORT(.dtors.*))
 *(.dtors)
                0x00001358                __DTOR_END__ = .

.preinit_array  0x00001358        0x0
                0x00001358                PROVIDE (__preinit_array_start, .)
 *(.preinit_array*)
                0x00001358                PROVIDE (__preinit_array_end, .)

.init_array     0x00001358        0x4
                0x00001358                PROVIDE (__init_array_start, .)
 *(SORT(.init_array.*))
 *(.init_array*)
 .init_array    0x00001358        0x4 c:/freescale/kds_3.0.0/toolchain/bin/../lib/gcc/arm-none-eabi/4.8.4/armv6-m/crtbegin.o
                0x0000135c                PROVIDE (__init_array_end, .)

.fini_array     0x0000135c        0x4
                0x0000135c                PROVIDE (__fini_array_start, .)
 *(SORT(.fini_array.*))
 *(.fini_array*)
 .fini_array    0x0000135c        0x4 c:/freescale/kds_3.0.0/toolchain/bin/../lib/gcc/arm-none-eabi/4.8.4/armv6-m/crtbegin.o
                0x00001360                PROVIDE (__fini_array_end, .)
                0x00001360                ___ROM_AT = .

.mtb            0x1ffff000        0x0
                0x1ffff000                . = ALIGN (0x8)
                0x1ffff000                _mtb_start = .
 *(.mtb_buf)
                0x1ffff000                . = ALIGN (0x8)
                0x1ffff000                _mtb_end = .

.data           0x1ffff000       0xec load address 0x00001360
                0x1ffff000                . = ALIGN (0x4)
                0x1ffff000                _sdata = .
 *(.data)
 *(.data*)
 .data.c        0x1ffff000       0x24 ./Sources/Events.o
                0x1ffff000                c
 .data.d        0x1ffff024       0x24 ./Sources/Events.o
                0x1ffff024                d
 .data.a        0x1ffff048       0x24 ./Sources/Events.o
                0x1ffff048                a
 .data.b        0x1ffff06c       0x20 ./Sources/Events.o
                0x1ffff06c                b
 .data.impure_data
                0x1ffff08c       0x60 c:/freescale/kds_3.0.0/toolchain/bin/../lib/gcc/arm-none-eabi/4.8.4/../../../../arm-none-eabi/lib/armv6-m\libg_s.a(lib_a-impure.o)
                0x1ffff0ec                . = ALIGN (0x4)
                0x1ffff0ec                _edata = .
                0x000000ec                ___data_size = (_edata - _sdata)

.jcr            0x1ffff0ec        0x0 load address 0x0000144c
 .jcr           0x1ffff0ec        0x0 c:/freescale/kds_3.0.0/toolchain/bin/../lib/gcc/arm-none-eabi/4.8.4/armv6-m/crtbegin.o

.igot.plt       0x1ffff0ec        0x0 load address 0x0000144c
 .igot.plt      0x00000000        0x0 c:/freescale/kds_3.0.0/toolchain/bin/../lib/gcc/arm-none-eabi/4.8.4/armv6-m/crtbegin.o
                0x1ffff0ec                . = ALIGN (0x4)

.bss            0x1ffff0ec       0xa0 load address 0x0000144c
                0x1ffff0ec                __START_BSS = .
                0x1ffff0ec                PROVIDE (__bss_start__, __START_BSS)
 *(.bss)
 .bss           0x1ffff0ec       0x1c c:/freescale/kds_3.0.0/toolchain/bin/../lib/gcc/arm-none-eabi/4.8.4/armv6-m/crtbegin.o
 *(.bss*)
 .bss.ModeFlg   0x1ffff108        0x1 ./Generated_Code/AD1.o
 *fill*         0x1ffff109        0x3 
 .bss.SampleGroup
                0x1ffff10c        0x4 ./Generated_Code/AD1.o
 .bss.WaitForRes
                0x1ffff110        0x1 ./Generated_Code/AD1.o
 .bss.OutFlg    0x1ffff111        0x1 ./Generated_Code/AD1.o
 *fill*         0x1ffff112        0x2 
 .bss.DeviceDataPrv__DEFAULT_RTOS_ALLOC
                0x1ffff114        0x8 ./Generated_Code/AdcLdd1.o
 .bss.SR_lock   0x1ffff11c        0x1 ./Generated_Code/Cpu.o
                0x1ffff11c                SR_lock
 *fill*         0x1ffff11d        0x3 
 .bss.DeviceDataPtr__DEFAULT_RTOS_ALLOC
                0x1ffff120        0x8 ./Generated_Code/DacLdd1.o
 .bss.PE_LDD_DeviceDataList
                0x1ffff128       0x10 ./Generated_Code/PE_LDD.o
                0x1ffff128                PE_LDD_DeviceDataList
 .bss.DeviceDataPrv__DEFAULT_RTOS_ALLOC
                0x1ffff138        0xc ./Generated_Code/TU1.o
 .bss.INT_TPM0__DEFAULT_RTOS_ISRPARAM
                0x1ffff144        0x4 ./Generated_Code/TU1.o
 .bss.DeviceDataPrv__DEFAULT_RTOS_ALLOC
                0x1ffff148       0x14 ./Generated_Code/TimerIntLdd1.o
 *(COMMON)
 COMMON         0x1ffff15c       0x20 ./Sources/Events.o
                0x1ffff15c                x
                0x1ffff16c                y
 COMMON         0x1ffff17c        0x2 ./Sources/main.o
                0x1ffff17c                output
 *fill*         0x1ffff17e        0x2 
 COMMON         0x1ffff180        0x8 ./Generated_Code/AD1.o
                0x1ffff180                AD1_OutV
                0x1ffff184                AdcLdd1_DeviceDataPtr
 COMMON         0x1ffff188        0x1 ./Generated_Code/Cpu.o
                0x1ffff188                SR_reg
                0x1ffff18c                . = ALIGN (0x4)
 *fill*         0x1ffff189        0x3 
                0x1ffff18c                __END_BSS = .
                0x1ffff18c                PROVIDE (__bss_end__, __END_BSS)
                0x0000144c                _romp_at = (___ROM_AT + SIZEOF (.data))

.romp           0x1ffff18c       0x18 load address 0x0000144c
                0x0000144c                __S_romp = _romp_at
                0x1ffff18c        0x4 LONG 0x1360 ___ROM_AT
                0x1ffff190        0x4 LONG 0x1ffff000 _sdata
                0x1ffff194        0x4 LONG 0xec ___data_size
                0x1ffff198        0x4 LONG 0x0
                0x1ffff19c        0x4 LONG 0x0
                0x1ffff1a0        0x4 LONG 0x0

._user_heap_stack
                0x1ffff1a4      0x400 load address 0x00001464
                0x1ffff1a4                . = ALIGN (0x4)
                0x1ffff1a4                PROVIDE (end, .)
                0x1ffff1a4                PROVIDE (_end, .)
                0x1ffff1a4                __heap_addr = .
                0x1ffff1a4                __HeapBase = .
                0x1ffff1a4                . = (. + __heap_size)
                0x1ffff1a4                __HeapLimit = .
                0x1ffff5a4                . = (. + __stack_size)
 *fill*         0x1ffff1a4      0x400 
                0x1ffff5a4                . = ALIGN (0x4)

.ARM.attributes
                0x00000000       0x28
 *(.ARM.attributes)
 .ARM.attributes
                0x00000000       0x1e c:/freescale/kds_3.0.0/toolchain/bin/../lib/gcc/arm-none-eabi/4.8.4/armv6-m/crti.o
 .ARM.attributes
                0x0000001e       0x2c c:/freescale/kds_3.0.0/toolchain/bin/../lib/gcc/arm-none-eabi/4.8.4/armv6-m/crtbegin.o
 .ARM.attributes
                0x0000004a       0x1b c:/freescale/kds_3.0.0/toolchain/bin/../lib/gcc/arm-none-eabi/4.8.4/../../../../arm-none-eabi/lib/armv6-m/crt0.o
 .ARM.attributes
                0x00000065       0x32 ./Sources/Events.o
 .ARM.attributes
                0x00000097       0x32 ./Sources/main.o
 .ARM.attributes
                0x000000c9       0x32 ./Project_Settings/Startup_Code/startup.o
 .ARM.attributes
                0x000000fb       0x32 ./Generated_Code/AD1.o
 .ARM.attributes
                0x0000012d       0x32 ./Generated_Code/AdcLdd1.o
 .ARM.attributes
                0x0000015f       0x32 ./Generated_Code/Cpu.o
 .ARM.attributes
                0x00000191       0x32 ./Generated_Code/DacLdd1.o
 .ARM.attributes
                0x000001c3       0x32 ./Generated_Code/PE_LDD.o
 .ARM.attributes
                0x000001f5       0x32 ./Generated_Code/TI1.o
 .ARM.attributes
                0x00000227       0x32 ./Generated_Code/TU1.o
 .ARM.attributes
                0x00000259       0x32 ./Generated_Code/TimerIntLdd1.o
 .ARM.attributes
                0x0000028b       0x32 ./Generated_Code/Vectors.o
 .ARM.attributes
                0x000002bd       0x2c c:/freescale/kds_3.0.0/toolchain/bin/../lib/gcc/arm-none-eabi/4.8.4/../../../../arm-none-eabi/lib/armv6-m\libg_s.a(lib_a-exit.o)
 .ARM.attributes
                0x000002e9       0x2c c:/freescale/kds_3.0.0/toolchain/bin/../lib/gcc/arm-none-eabi/4.8.4/../../../../arm-none-eabi/lib/armv6-m\libg_s.a(lib_a-impure.o)
 .ARM.attributes
                0x00000315       0x2c c:/freescale/kds_3.0.0/toolchain/bin/../lib/gcc/arm-none-eabi/4.8.4/../../../../arm-none-eabi/lib/armv6-m\libg_s.a(lib_a-init.o)
 .ARM.attributes
                0x00000341       0x2c c:/freescale/kds_3.0.0/toolchain/bin/../lib/gcc/arm-none-eabi/4.8.4/../../../../arm-none-eabi/lib/armv6-m\libg_s.a(lib_a-memset.o)
 .ARM.attributes
                0x0000036d       0x2c c:/freescale/kds_3.0.0/toolchain/bin/../lib/gcc/arm-none-eabi/4.8.4/../../../../arm-none-eabi/lib/armv6-m\libnosys.a(_exit.o)
 .ARM.attributes
                0x00000399       0x1e c:/freescale/kds_3.0.0/toolchain/bin/../lib/gcc/arm-none-eabi/4.8.4/armv6-m/crtn.o
OUTPUT(bandpass filter.elf elf32-littlearm)

.debug_info     0x00000000     0x292e
 .debug_info    0x00000000      0x1a0 ./Sources/Events.o
 .debug_info    0x000001a0      0x12f ./Sources/main.o
 .debug_info    0x000002cf      0x20a ./Project_Settings/Startup_Code/startup.o
 .debug_info    0x000004d9      0x28f ./Generated_Code/AD1.o
 .debug_info    0x00000768      0x781 ./Generated_Code/AdcLdd1.o
 .debug_info    0x00000ee9      0x842 ./Generated_Code/Cpu.o
 .debug_info    0x0000172b      0x4e4 ./Generated_Code/DacLdd1.o
 .debug_info    0x00001c0f      0x251 ./Generated_Code/PE_LDD.o
 .debug_info    0x00001e60       0xb2 ./Generated_Code/TI1.o
 .debug_info    0x00001f12      0x73a ./Generated_Code/TU1.o
 .debug_info    0x0000264c      0x1d4 ./Generated_Code/TimerIntLdd1.o
 .debug_info    0x00002820      0x10e ./Generated_Code/Vectors.o

.debug_abbrev   0x00000000      0xcd9
 .debug_abbrev  0x00000000       0xbe ./Sources/Events.o
 .debug_abbrev  0x000000be       0xb6 ./Sources/main.o
 .debug_abbrev  0x00000174      0x11e ./Project_Settings/Startup_Code/startup.o
 .debug_abbrev  0x00000292      0x16d ./Generated_Code/AD1.o
 .debug_abbrev  0x000003ff      0x1a0 ./Generated_Code/AdcLdd1.o
 .debug_abbrev  0x0000059f      0x14f ./Generated_Code/Cpu.o
 .debug_abbrev  0x000006ee      0x141 ./Generated_Code/DacLdd1.o
 .debug_abbrev  0x0000082f      0x10d ./Generated_Code/PE_LDD.o
 .debug_abbrev  0x0000093c       0x68 ./Generated_Code/TI1.o
 .debug_abbrev  0x000009a4      0x1b4 ./Generated_Code/TU1.o
 .debug_abbrev  0x00000b58       0xdd ./Generated_Code/TimerIntLdd1.o
 .debug_abbrev  0x00000c35       0xa4 ./Generated_Code/Vectors.o

.debug_aranges  0x00000000      0x288
 .debug_aranges
                0x00000000       0x28 ./Sources/Events.o
 .debug_aranges
                0x00000028       0x20 ./Sources/main.o
 .debug_aranges
                0x00000048       0x50 ./Project_Settings/Startup_Code/startup.o
 .debug_aranges
                0x00000098       0x58 ./Generated_Code/AD1.o
 .debug_aranges
                0x000000f0       0x58 ./Generated_Code/AdcLdd1.o
 .debug_aranges
                0x00000148       0x38 ./Generated_Code/Cpu.o
 .debug_aranges
                0x00000180       0x28 ./Generated_Code/DacLdd1.o
 .debug_aranges
                0x000001a8       0x30 ./Generated_Code/PE_LDD.o
 .debug_aranges
                0x000001d8       0x20 ./Generated_Code/TI1.o
 .debug_aranges
                0x000001f8       0x50 ./Generated_Code/TU1.o
 .debug_aranges
                0x00000248       0x28 ./Generated_Code/TimerIntLdd1.o
 .debug_aranges
                0x00000270       0x18 ./Generated_Code/Vectors.o

.debug_ranges   0x00000000      0x1c0
 .debug_ranges  0x00000000       0x18 ./Sources/Events.o
 .debug_ranges  0x00000018       0x10 ./Sources/main.o
 .debug_ranges  0x00000028       0x40 ./Project_Settings/Startup_Code/startup.o
 .debug_ranges  0x00000068       0x48 ./Generated_Code/AD1.o
 .debug_ranges  0x000000b0       0x48 ./Generated_Code/AdcLdd1.o
 .debug_ranges  0x000000f8       0x28 ./Generated_Code/Cpu.o
 .debug_ranges  0x00000120       0x18 ./Generated_Code/DacLdd1.o
 .debug_ranges  0x00000138       0x20 ./Generated_Code/PE_LDD.o
 .debug_ranges  0x00000158       0x10 ./Generated_Code/TI1.o
 .debug_ranges  0x00000168       0x40 ./Generated_Code/TU1.o
 .debug_ranges  0x000001a8       0x18 ./Generated_Code/TimerIntLdd1.o

.debug_macro    0x00000000    0x117f2
 .debug_macro   0x00000000      0x143 ./Sources/Events.o
 .debug_macro   0x00000143      0x802 ./Sources/Events.o
 .debug_macro   0x00000945       0x16 ./Sources/Events.o
 .debug_macro   0x0000095b       0x44 ./Sources/Events.o
 .debug_macro   0x0000099f      0x209 ./Sources/Events.o
 .debug_macro   0x00000ba8     0x1584 ./Sources/Events.o
 .debug_macro   0x0000212c      0x14e ./Sources/Events.o
 .debug_macro   0x0000227a       0x64 ./Sources/Events.o
 .debug_macro   0x000022de     0x6691 ./Sources/Events.o
 .debug_macro   0x0000896f       0x94 ./Sources/Events.o
 .debug_macro   0x00008a03       0x94 ./Sources/Events.o
 .debug_macro   0x00008a97      0x1d6 ./Sources/Events.o
 .debug_macro   0x00008c6d       0x7b ./Sources/Events.o
 .debug_macro   0x00008ce8       0x1c ./Sources/Events.o
 .debug_macro   0x00008d04      0x61c ./Sources/Events.o
 .debug_macro   0x00009320       0x74 ./Sources/Events.o
 .debug_macro   0x00009394       0x25 ./Sources/Events.o
 .debug_macro   0x000093b9      0x16b ./Sources/Events.o
 .debug_macro   0x00009524       0x22 ./Sources/Events.o
 .debug_macro   0x00009546      0x143 ./Sources/main.o
 .debug_macro   0x00009689      0x121 ./Project_Settings/Startup_Code/startup.o
 .debug_macro   0x000097aa       0x58 ./Project_Settings/Startup_Code/startup.o
 .debug_macro   0x00009802       0x35 ./Project_Settings/Startup_Code/startup.o
 .debug_macro   0x00009837       0xa3 ./Project_Settings/Startup_Code/startup.o
 .debug_macro   0x000098da      0x166 ./Project_Settings/Startup_Code/startup.o
 .debug_macro   0x00009a40       0x4a ./Project_Settings/Startup_Code/startup.o
 .debug_macro   0x00009a8a       0x52 ./Project_Settings/Startup_Code/startup.o
 .debug_macro   0x00009adc       0x16 ./Project_Settings/Startup_Code/startup.o
 .debug_macro   0x00009af2       0x43 ./Project_Settings/Startup_Code/startup.o
 .debug_macro   0x00009b35      0x180 ./Project_Settings/Startup_Code/startup.o
 .debug_macro   0x00009cb5      0x2a6 ./Project_Settings/Startup_Code/startup.o
 .debug_macro   0x00009f5b       0x10 ./Project_Settings/Startup_Code/startup.o
 .debug_macro   0x00009f6b       0x35 ./Project_Settings/Startup_Code/startup.o
 .debug_macro   0x00009fa0       0x16 ./Project_Settings/Startup_Code/startup.o
 .debug_macro   0x00009fb6       0x22 ./Project_Settings/Startup_Code/startup.o
 .debug_macro   0x00009fd8       0x10 ./Project_Settings/Startup_Code/startup.o
 .debug_macro   0x00009fe8      0x20f ./Project_Settings/Startup_Code/startup.o
 .debug_macro   0x0000a1f7     0x6685 ./Project_Settings/Startup_Code/startup.o
 .debug_macro   0x0001087c       0xd5 ./Generated_Code/AD1.o
 .debug_macro   0x00010951       0x9a ./Generated_Code/AD1.o
 .debug_macro   0x000109eb      0x616 ./Generated_Code/AD1.o
 .debug_macro   0x00011001       0xc2 ./Generated_Code/AdcLdd1.o
 .debug_macro   0x000110c3      0x144 ./Generated_Code/Cpu.o
 .debug_macro   0x00011207       0x22 ./Generated_Code/Cpu.o
 .debug_macro   0x00011229       0xa6 ./Generated_Code/DacLdd1.o
 .debug_macro   0x000112cf      0x113 ./Generated_Code/PE_LDD.o
 .debug_macro   0x000113e2      0x13d ./Generated_Code/TI1.o
 .debug_macro   0x0001151f       0xc3 ./Generated_Code/TU1.o
 .debug_macro   0x000115e2       0xcb ./Generated_Code/TimerIntLdd1.o
 .debug_macro   0x000116ad      0x145 ./Generated_Code/Vectors.o

.debug_line     0x00000000     0x26b3
 .debug_line    0x00000000      0x331 ./Sources/Events.o
 .debug_line    0x00000331      0x309 ./Sources/main.o
 .debug_line    0x0000063a      0x3cf ./Project_Settings/Startup_Code/startup.o
 .debug_line    0x00000a09      0x326 ./Generated_Code/AD1.o
 .debug_line    0x00000d2f      0x333 ./Generated_Code/AdcLdd1.o
 .debug_line    0x00001062      0x419 ./Generated_Code/Cpu.o
 .debug_line    0x0000147b      0x287 ./Generated_Code/DacLdd1.o
 .debug_line    0x00001702      0x300 ./Generated_Code/PE_LDD.o
 .debug_line    0x00001a02      0x33b ./Generated_Code/TI1.o
 .debug_line    0x00001d3d      0x328 ./Generated_Code/TU1.o
 .debug_line    0x00002065      0x2a4 ./Generated_Code/TimerIntLdd1.o
 .debug_line    0x00002309      0x3aa ./Generated_Code/Vectors.o

.debug_str      0x00000000    0x3716a
 .debug_str     0x00000000    0x33eb5 ./Sources/Events.o
                              0x342bc (size before relaxing)
 .debug_str     0x00033eb5       0x62 ./Sources/main.o
                              0x342d9 (size before relaxing)
 .debug_str     0x00033f17     0x25f6 ./Project_Settings/Startup_Code/startup.o
                              0x27309 (size before relaxing)
 .debug_str     0x0003650d      0x167 ./Generated_Code/AD1.o
                              0x30fb2 (size before relaxing)
 .debug_str     0x00036674      0x429 ./Generated_Code/AdcLdd1.o
                              0x3122a (size before relaxing)
 .debug_str     0x00036a9d      0x1da ./Generated_Code/Cpu.o
                              0x34570 (size before relaxing)
 .debug_str     0x00036c77       0xac ./Generated_Code/DacLdd1.o
                              0x2d9de (size before relaxing)
 .debug_str     0x00036d23      0x17e ./Generated_Code/PE_LDD.o
                              0x34424 (size before relaxing)
 .debug_str     0x00036ea1       0x31 ./Generated_Code/TI1.o
                              0x34299 (size before relaxing)
 .debug_str     0x00036ed2      0x1bd ./Generated_Code/TU1.o
                              0x2dfe8 (size before relaxing)
 .debug_str     0x0003708f       0xbf ./Generated_Code/TimerIntLdd1.o
                              0x2ddba (size before relaxing)
 .debug_str     0x0003714e       0x1c ./Generated_Code/Vectors.o
                              0x342b7 (size before relaxing)

.comment        0x00000000       0x70
 .comment       0x00000000       0x70 ./Sources/Events.o
                                 0x71 (size before relaxing)
 .comment       0x00000000       0x71 ./Sources/main.o
 .comment       0x00000000       0x71 ./Project_Settings/Startup_Code/startup.o
 .comment       0x00000000       0x71 ./Generated_Code/AD1.o
 .comment       0x00000000       0x71 ./Generated_Code/AdcLdd1.o
 .comment       0x00000000       0x71 ./Generated_Code/Cpu.o
 .comment       0x00000000       0x71 ./Generated_Code/DacLdd1.o
 .comment       0x00000000       0x71 ./Generated_Code/PE_LDD.o
 .comment       0x00000000       0x71 ./Generated_Code/TI1.o
 .comment       0x00000000       0x71 ./Generated_Code/TU1.o
 .comment       0x00000000       0x71 ./Generated_Code/TimerIntLdd1.o
 .comment       0x00000000       0x71 ./Generated_Code/Vectors.o

.debug_frame    0x00000000      0x6a4
 .debug_frame   0x00000000       0x54 ./Sources/Events.o
 .debug_frame   0x00000054       0x30 ./Sources/main.o
 .debug_frame   0x00000084       0xd0 ./Project_Settings/Startup_Code/startup.o
 .debug_frame   0x00000154      0x100 ./Generated_Code/AD1.o
 .debug_frame   0x00000254      0x110 ./Generated_Code/AdcLdd1.o
 .debug_frame   0x00000364       0x80 ./Generated_Code/Cpu.o
 .debug_frame   0x000003e4       0x50 ./Generated_Code/DacLdd1.o
 .debug_frame   0x00000434       0x6c ./Generated_Code/PE_LDD.o
 .debug_frame   0x000004a0       0x30 ./Generated_Code/TI1.o
 .debug_frame   0x000004d0       0xf0 ./Generated_Code/TU1.o
 .debug_frame   0x000005c0       0x50 ./Generated_Code/TimerIntLdd1.o
 .debug_frame   0x00000610       0x28 c:/freescale/kds_3.0.0/toolchain/bin/../lib/gcc/arm-none-eabi/4.8.4/../../../../arm-none-eabi/lib/armv6-m\libg_s.a(lib_a-exit.o)
 .debug_frame   0x00000638       0x2c c:/freescale/kds_3.0.0/toolchain/bin/../lib/gcc/arm-none-eabi/4.8.4/../../../../arm-none-eabi/lib/armv6-m\libg_s.a(lib_a-init.o)
 .debug_frame   0x00000664       0x20 c:/freescale/kds_3.0.0/toolchain/bin/../lib/gcc/arm-none-eabi/4.8.4/../../../../arm-none-eabi/lib/armv6-m\libg_s.a(lib_a-memset.o)
 .debug_frame   0x00000684       0x20 c:/freescale/kds_3.0.0/toolchain/bin/../lib/gcc/arm-none-eabi/4.8.4/../../../../arm-none-eabi/lib/armv6-m\libnosys.a(_exit.o)
